============================================================
  Generated by:           Genus(TM) Synthesis Solution 25.10-p002_1
  Generated on:           Oct 04 2026  01:13:27 pm
  Operating conditions:   slow (balanced_tree)
  Wireload mode:          enclosed
  Area mode:              timing library
============================================================

                                             
  Gate    Instances  Area       Library      
---------------------------------------------
BUFFER_C          1  9.600 IBM_CMOS8HP_SS125 
BUFFER_H          2 23.040 IBM_CMOS8HP_SS125 
DFFR_H            1 42.240 IBM_CMOS8HP_SS125 
INVERT_H          1  5.760 IBM_CMOS8HP_SS125 
OA21_F            1 13.440 IBM_CMOS8HP_SS125 
---------------------------------------------
total             6 94.080                   
                                       
     Type      Instances  Area  Area % 
---------------------------------------
sequential             1 42.240   44.9 
inverter               1  5.760    6.1 
buffer                 3 32.640   34.7 
logic                  1 13.440   14.3 
physical_cells         0  0.000    0.0 
---------------------------------------
total                  6 94.080  100.0 
