============================================================
  Generated by:           Genus(TM) Synthesis Solution 25.10-p002_1
  Generated on:           Oct 06 2026  03:47:45 pm
  Operating conditions:   slow (balanced_tree)
  Wireload mode:          enclosed
  Area mode:              timing library
============================================================

                                              
  Gate    Instances   Area       Library      
----------------------------------------------
BUFFER_C          1   9.600 IBM_CMOS8HP_SS125 
BUFFER_H          2  23.040 IBM_CMOS8HP_SS125 
DFFR_E            4 161.280 IBM_CMOS8HP_SS125 
----------------------------------------------
total             7 193.920                   
                                        
     Type      Instances   Area  Area % 
----------------------------------------
sequential             4 161.280   83.2 
buffer                 3  32.640   16.8 
physical_cells         0   0.000    0.0 
----------------------------------------
total                  7 193.920  100.0 
