============================================================
  Generated by:           Genus(TM) Synthesis Solution 25.10-p002_1
  Generated on:           Oct 05 2026  04:17:42 pm
  Module:                 code2
  Operating conditions:   slow (balanced_tree)
  Wireload mode:          enclosed
  Area mode:              timing library
============================================================

Max_transition design rule (violation total = 14)
Pin                                   Slew           Max     Violation
------------------------------------------------------------------------
g304/A                                  60          1500             0
  --> Other violations on net                  7
g292__5526/A                            60          1500             0
  --> Other violations on net                  7
state_current_reg[0]/QBAR               60            53             7
g297/A                                  60          1500             0
  --> Other violations on net                  7
g292__5526/B                            60          1500             0
  --> Other violations on net                  7
state_current_reg[1]/QBAR               60            53             7


Max_capacitance design rule (violation total = 34.0)
Pin                              Load (ff)           Max     Violation
------------------------------------------------------------------------
g297/A                                45.5         200.0           0.0
  --> Other violations on net                  15.6
g292__5526/B                          45.5         200.0           0.0
  --> Other violations on net                  15.6
state_current_reg[1]/QBAR             45.5          29.9          15.6
g304/A                                45.4         200.0           0.0
  --> Other violations on net                  15.5
g292__5526/A                          45.4         200.0           0.0
  --> Other violations on net                  15.5
state_current_reg[0]/QBAR             45.4          29.9          15.5
g287__2398/B                          14.2         200.0           0.0
  --> Other violations on net                  1.5
g289__5107/Z                          14.2          12.7           1.5
g303/A                                40.3         200.0           0.0
  --> Other violations on net                  0.7
g302/A                                40.3         200.0           0.0
  --> Other violations on net                  0.7
g304/Z                                40.3          39.6           0.7
state_current_reg[0]/D                13.2         200.0           0.0
  --> Other violations on net                  0.6
g287__2398/Z                          13.2          12.7           0.5
  --> Other violations on net                  0.1
g287__2398/A1                         14.0         200.0           0.0
  --> Other violations on net                  0.1
g293__8428/Z                          14.0          13.9           0.1


Max_fanout design rule: no violations.



