============================================================
  Generated by:           Genus(TM) Synthesis Solution 25.10-p002_1
  Generated on:           Oct 07 2026  11:50:16 am
  Module:                 code2
  Operating conditions:   slow (balanced_tree)
  Wireload mode:          enclosed
  Area mode:              timing library
============================================================


Path 1: MET (8501 ps) Setup Check with Pin state_current_reg[0]/CLK->D
          Group: clk
     Startpoint: (R) state_current_reg[0]/CLK
          Clock: (R) clk
       Endpoint: (F) state_current_reg[0]/D
          Clock: (R) clk

                     Capture       Launch     
        Clock Edge:+   10000            0     
       Src Latency:+       0            0     
       Net Latency:+     600 (I)      600 (I) 
           Arrival:=   10600          600     
                                              
             Setup:-     244                  
       Uncertainty:-     600                  
     Required Time:=    9756                  
      Launch Clock:-     600                  
         Data Path:-     655                  
             Slack:=    8501                  

#------------------------------------------------------------------------------------------------------
#       Timing Point        Flags     Arc     Edge   Cell     Fanout Load Trans Delay Arrival Instance 
#                                                                    (fF)  (ps)  (ps)   (ps)  Location 
#------------------------------------------------------------------------------------------------------
  state_current_reg[0]/CLK  -       -         R     (arrival)      2    -   100     0     600    (-,-) 
  state_current_reg[0]/QBAR -       CLK->QBAR F     DFFR_H         2 45.4    60   246     846    (-,-) 
  g304/Z                    -       A->Z      F     BUFFER_J       2 40.3    22    86     932    (-,-) 
  g303/Z                    -       A->Z      R     INVERT_H       1 20.4    21    37     969    (-,-) 
  g290__4319/Z              -       A2->Z     F     AOI21_D        2 31.7    42    67    1036    (-,-) 
  g289__5107/Z              -       B->Z      R     OAI21_B        1 14.2   112   155    1191    (-,-) 
  g287__2398/Z              -       B->Z      F     OAI21_B        1 13.3    62    64    1255    (-,-) 
  state_current_reg[0]/D    -       -         F     DFFR_H         1    -     -     0    1255    (-,-) 
#------------------------------------------------------------------------------------------------------



Path 2: MET (8706 ps) Setup Check with Pin state_current_reg[1]/CLK->D
          Group: clk
     Startpoint: (R) state_current_reg[1]/CLK
          Clock: (R) clk
       Endpoint: (F) state_current_reg[1]/D
          Clock: (R) clk

                     Capture       Launch     
        Clock Edge:+   10000            0     
       Src Latency:+       0            0     
       Net Latency:+     600 (I)      600 (I) 
           Arrival:=   10600          600     
                                              
             Setup:-     238                  
       Uncertainty:-     600                  
     Required Time:=    9762                  
      Launch Clock:-     600                  
         Data Path:-     456                  
             Slack:=    8706                  

#------------------------------------------------------------------------------------------------------
#       Timing Point        Flags     Arc     Edge   Cell     Fanout Load Trans Delay Arrival Instance 
#                                                                    (fF)  (ps)  (ps)   (ps)  Location 
#------------------------------------------------------------------------------------------------------
  state_current_reg[1]/CLK  -       -         R     (arrival)      2    -   100     0     600    (-,-) 
  state_current_reg[1]/QBAR -       CLK->QBAR F     DFFR_H         2 45.5    60   246     846    (-,-) 
  g292__5526/Z              -       B->Z      R     NOR2_F         2 45.6    55    91     937    (-,-) 
  g291/Z                    -       A->Z      R     BUFFER_H       1 17.6    20    66    1003    (-,-) 
  g288__6260/Z              -       B->Z      F     NOR2_D         1 13.3    35    52    1056    (-,-) 
  state_current_reg[1]/D    -       -         F     DFFR_H         1    -     -     0    1056    (-,-) 
#------------------------------------------------------------------------------------------------------

