============================================================
  Generated by:           Genus(TM) Synthesis Solution 25.10-p002_1
  Generated on:           Oct 04 2026  01:13:27 pm
  Module:                 code0
  Operating conditions:   slow (balanced_tree)
  Wireload mode:          enclosed
  Area mode:              timing library
============================================================

Max_transition design rule (violation total = 10)
Pin                  Slew           Max     Violation
-------------------------------------------------------
g84/A                  50          1500             0
  --> Other violations on net 10
c_reg/Q                50            41            10


Max_capacitance design rule (violation total = 15.7)
Pin             Load (ff)           Max     Violation
-------------------------------------------------------
g84/A                45.6         200.0           0.0
  --> Other violations on net 15.7
c_reg/Q              45.6          29.9          15.7


Max_fanout design rule: no violations.



