============================================================
  Generated by:           Genus(TM) Synthesis Solution 25.10-p002_1
  Generated on:           Oct 06 2026  03:47:45 pm
  Module:                 code3
  Operating conditions:   slow (balanced_tree)
  Wireload mode:          enclosed
  Area mode:              timing library
============================================================


Path 1: MET (8978 ps) Setup Check with Pin out2_reg/CLK->D
          Group: clk
     Startpoint: (R) mid2_reg/CLK
          Clock: (R) clk
       Endpoint: (F) out2_reg/D
          Clock: (R) clk

                     Capture       Launch     
        Clock Edge:+   10000            0     
       Src Latency:+       0            0     
       Net Latency:+     600 (I)      600 (I) 
           Arrival:=   10600          600     
                                              
             Setup:-     236                  
       Uncertainty:-     600                  
     Required Time:=    9764                  
      Launch Clock:-     600                  
         Data Path:-     186                  
             Slack:=    8978                  

#----------------------------------------------------------------------------------------
# Timing Point   Flags    Arc   Edge   Cell     Fanout Load Trans Delay Arrival Instance 
#                                                      (fF)  (ps)  (ps)   (ps)  Location 
#----------------------------------------------------------------------------------------
  mid2_reg/CLK   -       -      R     (arrival)      4    -   100     0     600    (-,-) 
  mid2_reg/Q     -       CLK->Q F     DFFR_E         1 13.2    28   186     786    (-,-) 
  out2_reg/D     -       -      F     DFFR_E         1    -     -     0     786    (-,-) 
#----------------------------------------------------------------------------------------



Path 2: MET (8978 ps) Setup Check with Pin out1_reg/CLK->D
          Group: clk
     Startpoint: (R) mid1_reg/CLK
          Clock: (R) clk
       Endpoint: (F) out1_reg/D
          Clock: (R) clk

                     Capture       Launch     
        Clock Edge:+   10000            0     
       Src Latency:+       0            0     
       Net Latency:+     600 (I)      600 (I) 
           Arrival:=   10600          600     
                                              
             Setup:-     236                  
       Uncertainty:-     600                  
     Required Time:=    9764                  
      Launch Clock:-     600                  
         Data Path:-     186                  
             Slack:=    8978                  

#----------------------------------------------------------------------------------------
# Timing Point   Flags    Arc   Edge   Cell     Fanout Load Trans Delay Arrival Instance 
#                                                      (fF)  (ps)  (ps)   (ps)  Location 
#----------------------------------------------------------------------------------------
  mid1_reg/CLK   -       -      R     (arrival)      4    -   100     0     600    (-,-) 
  mid1_reg/Q     -       CLK->Q F     DFFR_E         1 13.2    28   186     786    (-,-) 
  out1_reg/D     -       -      F     DFFR_E         1    -     -     0     786    (-,-) 
#----------------------------------------------------------------------------------------

