============================================================
  Generated by:           Genus(TM) Synthesis Solution 25.10-p002_1
  Generated on:           Oct 09 2026  10:13:09 pm
  Module:                 code2
  Operating conditions:   slow (balanced_tree)
  Wireload mode:          enclosed
  Area mode:              timing library
============================================================


Path 1: MET (6063 ps) Late External Delay Assertion at pin vend_cola
          Group: v_clk
     Startpoint: (R) state_current_reg[1]/CLK
          Clock: (R) clk
       Endpoint: (R) vend_cola
          Clock: (R) v_clk

                     Capture       Launch     
        Clock Edge:+   10000            0     
       Src Latency:+       0            0     
       Net Latency:+       0 (I)      600 (I) 
           Arrival:=   10000          600     
                                              
      Output Delay:-    3000                  
     Required Time:=    7000                  
      Launch Clock:-     600                  
         Data Path:-     337                  
             Slack:=    6063                  

Exceptions/Constraints:
  output_delay             3000            ou_del   

#------------------------------------------------------------------------------------------------------
#       Timing Point        Flags     Arc     Edge   Cell     Fanout Load Trans Delay Arrival Instance 
#                                                                    (fF)  (ps)  (ps)   (ps)  Location 
#------------------------------------------------------------------------------------------------------
  state_current_reg[1]/CLK  -       -         R     (arrival)      2    -   100     0     600    (-,-) 
  state_current_reg[1]/QBAR -       CLK->QBAR F     DFFR_H         2 45.5    60   246     846    (-,-) 
  g292__5526/Z              -       B->Z      R     NOR2_F         2 45.6    55    91     937    (-,-) 
  vend_cola                 -       -         R     (port)         -    -     -     0     937    (-,-) 
#------------------------------------------------------------------------------------------------------



Path 2: MET (6399 ps) Setup Check with Pin state_current_reg[0]/CLK->D
          Group: clk
     Startpoint: (R) quarter_inserted
          Clock: (R) v_clk
       Endpoint: (F) state_current_reg[0]/D
          Clock: (R) clk

                     Capture       Launch     
        Clock Edge:+   10000            0     
        Drv Adjust:+       0            0     
       Src Latency:+       0            0     
       Net Latency:+     600 (I)        0 (I) 
           Arrival:=   10600            0     
                                              
             Setup:-     244                  
       Uncertainty:-     600                  
     Required Time:=    9756                  
      Launch Clock:-       0                  
       Input Delay:-    3000                  
         Data Path:-     357                  
             Slack:=    6399                  

Exceptions/Constraints:
  input_delay             3000            in_del_1_1   

#-----------------------------------------------------------------------------------------------
#     Timing Point       Flags   Arc   Edge   Cell     Fanout Load Trans Delay Arrival Instance 
#                                                             (fF)  (ps)  (ps)   (ps)  Location 
#-----------------------------------------------------------------------------------------------
  quarter_inserted       -       -     R     (arrival)      1 20.3   100     0    3000    (-,-) 
  g299/Z                 -       A->Z  R     BUFFER_J       2 35.2    22    74    3074    (-,-) 
  g290__4319/Z           -       A1->Z F     AOI21_D        2 31.7    42    64    3137    (-,-) 
  g289__5107/Z           -       B->Z  R     OAI21_B        1 14.2   112   155    3292    (-,-) 
  g287__2398/Z           -       B->Z  F     OAI21_B        1 13.3    62    64    3356    (-,-) 
  state_current_reg[0]/D -       -     F     DFFR_H         1    -     -     0    3357    (-,-) 
#-----------------------------------------------------------------------------------------------



Path 3: MET (6502 ps) Setup Check with Pin state_current_reg[1]/CLK->D
          Group: clk
     Startpoint: (F) quarter_inserted
          Clock: (R) v_clk
       Endpoint: (F) state_current_reg[1]/D
          Clock: (R) clk

                     Capture       Launch     
        Clock Edge:+   10000            0     
        Drv Adjust:+       0            0     
       Src Latency:+       0            0     
       Net Latency:+     600 (I)        0 (I) 
           Arrival:=   10600            0     
                                              
             Setup:-     238                  
       Uncertainty:-     600                  
     Required Time:=    9762                  
      Launch Clock:-       0                  
       Input Delay:-    3000                  
         Data Path:-     260                  
             Slack:=    6502                  

Exceptions/Constraints:
  input_delay             3000            in_del_1_1   

#-----------------------------------------------------------------------------------------------
#     Timing Point       Flags   Arc   Edge   Cell     Fanout Load Trans Delay Arrival Instance 
#                                                             (fF)  (ps)  (ps)   (ps)  Location 
#-----------------------------------------------------------------------------------------------
  quarter_inserted       -       -     F     (arrival)      1 20.3   120     0    3000    (-,-) 
  g299/Z                 -       A->Z  F     BUFFER_J       2 35.2    23   104    3104    (-,-) 
  g290__4319/Z           -       A1->Z R     AOI21_D        2 31.7    74    90    3194    (-,-) 
  g288__6260/Z           -       A->Z  F     NOR2_D         1 13.3    35    65    3260    (-,-) 
  state_current_reg[1]/D -       -     F     DFFR_H         1    -     -     0    3260    (-,-) 
#-----------------------------------------------------------------------------------------------

Some unconstrained paths have not been displayed.
Use -unconstrained or set the root attribute 'timing_report_unconstrained' to 'true' to see only these unconstrained paths.

