============================================================
  Generated by:           Genus(TM) Synthesis Solution 25.10-p002_1
  Generated on:           Oct 09 2026  08:25:07 pm
  Module:                 code0
  Operating conditions:   slow (balanced_tree)
  Wireload mode:          enclosed
  Area mode:              timing library
============================================================


Path 1: MET (8732 ps) Setup Check with Pin c_reg/CLK->D
          Group: clk
     Startpoint: (R) c_reg/CLK
          Clock: (R) clk
       Endpoint: (F) c_reg/D
          Clock: (R) clk

                     Capture       Launch     
        Clock Edge:+   10000            0     
       Src Latency:+       0            0     
       Net Latency:+     600 (I)      600 (I) 
           Arrival:=   10600          600     
                                              
             Setup:-     236                  
       Uncertainty:-     600                  
     Required Time:=    9764                  
      Launch Clock:-     600                  
         Data Path:-     432                  
             Slack:=    8732                  

#----------------------------------------------------------------------------------------
# Timing Point   Flags    Arc   Edge   Cell     Fanout Load Trans Delay Arrival Instance 
#                                                      (fF)  (ps)  (ps)   (ps)  Location 
#----------------------------------------------------------------------------------------
  c_reg/CLK      -       -      R     (arrival)      1    -   100     0     600    (-,-) 
  c_reg/Q        -       CLK->Q F     DFFR_H         2 45.6    46   252     852    (-,-) 
  g84/Z          -       A->Z   F     BUFFER_H       1 14.8    18    75     928    (-,-) 
  g82__2398/Z    -       A2->Z  F     OA21_F         1 13.3    27   104    1032    (-,-) 
  c_reg/D        -       -      F     DFFR_H         1    -     -     0    1032    (-,-) 
#----------------------------------------------------------------------------------------

