============================================================
  Generated by:           Genus(TM) Synthesis Solution 25.10-p002_1
  Generated on:           Oct 09 2026  11:49:45 pm
  Module:                 code1
  Operating conditions:   slow (balanced_tree)
  Wireload mode:          enclosed
  Area mode:              timing library
============================================================

Max_transition design rule: no violations.


Max_capacitance design rule (violation total = 2.9)
Pin                 Load (ff)           Max     Violation
-----------------------------------------------------------
g233__5107/A             30.9         200.0           0.0
  --> Other violations on net     2.0
g234__6260/B             30.9         200.0           0.0
  --> Other violations on net     2.0
g237__5526/Z             30.9          28.9           2.0
g234__6260/A             14.8         200.0           0.0
  --> Other violations on net     0.9
g236__8428/Z             14.8          13.9           0.9


Max_fanout design rule: no violations.



