============================================================
  Generated by:           Genus(TM) Synthesis Solution 25.10-p002_1
  Generated on:           Oct 09 2026  08:30:46 pm
  Operating conditions:   slow (balanced_tree)
  Wireload mode:          enclosed
  Area mode:              timing library
============================================================

                                              
  Gate    Instances   Area       Library      
----------------------------------------------
AOI21_D           1  19.200 IBM_CMOS8HP_SS125 
BUFFER_C          1   9.600 IBM_CMOS8HP_SS125 
BUFFER_H          2  23.040 IBM_CMOS8HP_SS125 
BUFFER_J          4  61.440 IBM_CMOS8HP_SS125 
DFFR_H            2  84.480 IBM_CMOS8HP_SS125 
INVERT_D          2  11.520 IBM_CMOS8HP_SS125 
INVERT_H          3  17.280 IBM_CMOS8HP_SS125 
NAND2_D           1   7.680 IBM_CMOS8HP_SS125 
NOR2_D            1   9.600 IBM_CMOS8HP_SS125 
NOR2_F            1  17.280 IBM_CMOS8HP_SS125 
OAI21_B           2  19.200 IBM_CMOS8HP_SS125 
----------------------------------------------
total            20 280.320                   
                                        
     Type      Instances   Area  Area % 
----------------------------------------
sequential             2  84.480   30.1 
inverter               5  28.800   10.3 
buffer                 7  94.080   33.6 
logic                  6  72.960   26.0 
physical_cells         0   0.000    0.0 
----------------------------------------
total                 20 280.320  100.0 
