============================================================
  Generated by:           Genus(TM) Synthesis Solution 25.10-p002_1
  Generated on:           Oct 10 2026  12:12:47 am
  Operating conditions:   slow (balanced_tree)
  Wireload mode:          enclosed
  Area mode:              timing library
============================================================

                                               
  Gate    Instances   Area        Library      
-----------------------------------------------
AND2_H            1   11.520 IBM_CMOS8HP_SS125 
AND2_I            1   19.200 IBM_CMOS8HP_SS125 
AOI21_B           2   19.200 IBM_CMOS8HP_SS125 
BUFFER_F          2   23.040 IBM_CMOS8HP_SS125 
BUFFER_H          1   11.520 IBM_CMOS8HP_SS125 
BUFFER_J          1   15.360 IBM_CMOS8HP_SS125 
BUFFER_K          1   24.960 IBM_CMOS8HP_SS125 
BUFFER_L         12  299.520 IBM_CMOS8HP_SS125 
BUFFER_M          7  215.040 IBM_CMOS8HP_SS125 
CLK_I             9  172.800 IBM_CMOS8HP_SS125 
DFFR_E            8  322.560 IBM_CMOS8HP_SS125 
INVERT_D         10   57.600 IBM_CMOS8HP_SS125 
INVERT_F          1    5.760 IBM_CMOS8HP_SS125 
INVERT_H          6   34.560 IBM_CMOS8HP_SS125 
INVERT_I          2   19.200 IBM_CMOS8HP_SS125 
INVERT_J          2   23.040 IBM_CMOS8HP_SS125 
MUX21I_C          1   13.440 IBM_CMOS8HP_SS125 
NAND2_E           1   11.520 IBM_CMOS8HP_SS125 
NAND2_F           1   15.360 IBM_CMOS8HP_SS125 
NAND2_H           1   17.280 IBM_CMOS8HP_SS125 
NAND2_I           2   49.920 IBM_CMOS8HP_SS125 
NOR2_D            1    9.600 IBM_CMOS8HP_SS125 
NOR2_E            4   61.440 IBM_CMOS8HP_SS125 
NOR2_F            2   34.560 IBM_CMOS8HP_SS125 
NOR3_D            1   23.040 IBM_CMOS8HP_SS125 
OA21_F            5   67.200 IBM_CMOS8HP_SS125 
SDFFR_E           3  144.000 IBM_CMOS8HP_SS125 
-----------------------------------------------
total            88 1722.240                   
                                         
     Type      Instances   Area   Area % 
-----------------------------------------
sequential            11  466.560   27.1 
inverter              21  140.160    8.1 
buffer                33  762.240   44.3 
unresolved             1    0.000    0.0 
logic                 23  353.280   20.5 
physical_cells         0    0.000    0.0 
-----------------------------------------
total                 89 1722.240  100.0 
