============================================================
  Generated by:           Genus(TM) Synthesis Solution 25.10-p002_1
  Generated on:           Oct 10 2026  12:12:47 am
  Module:                 code4a
  Operating conditions:   slow (balanced_tree)
  Wireload mode:          enclosed
  Area mode:              timing library
============================================================


Path 1: MET (5961 ps) Late External Delay Assertion at pin time_minutes[3]
          Group: v_clk
     Startpoint: (R) time_minutes_q_reg[3]/CLK
          Clock: (R) clk
       Endpoint: (R) time_minutes[3]
          Clock: (R) v_clk

                     Capture       Launch     
        Clock Edge:+   10000            0     
       Src Latency:+       0            0     
       Net Latency:+       0 (I)      600 (I) 
           Arrival:=   10000          600     
                                              
      Output Delay:-    3000                  
     Required Time:=    7000                  
      Launch Clock:-     600                  
         Data Path:-     439                  
             Slack:=    5961                  

Exceptions/Constraints:
  output_delay             3000            ou_del_12_1   

#---------------------------------------------------------------------------------------------------
#       Timing Point        Flags    Arc   Edge   Cell     Fanout Load Trans Delay Arrival Instance 
#                                                                 (fF)  (ps)  (ps)   (ps)  Location 
#---------------------------------------------------------------------------------------------------
  time_minutes_q_reg[3]/CLK -       -      R     (arrival)     12    -   100     0     600    (-,-) 
  time_minutes_q_reg[3]/Q   -       CLK->Q R     DFFR_E         1 31.0    60   323     923    (-,-) 
  drc1677/Z                 -       A->Z   R     BUFFER_M       3 81.0    22    66     989    (-,-) 
  drc1399/Z                 -       A->Z   R     BUFFER_L       1 30.4    14    50    1039    (-,-) 
  time_minutes[3]           -       -      R     (port)         -    -     -     0    1039    (-,-) 
#---------------------------------------------------------------------------------------------------



Path 2: MET (5963 ps) Late External Delay Assertion at pin time_minutes[1]
          Group: v_clk
     Startpoint: (R) time_minutes_q_reg[1]/CLK
          Clock: (R) clk
       Endpoint: (R) time_minutes[1]
          Clock: (R) v_clk

                     Capture       Launch     
        Clock Edge:+   10000            0     
       Src Latency:+       0            0     
       Net Latency:+       0 (I)      600 (I) 
           Arrival:=   10000          600     
                                              
      Output Delay:-    3000                  
     Required Time:=    7000                  
      Launch Clock:-     600                  
         Data Path:-     437                  
             Slack:=    5963                  

Exceptions/Constraints:
  output_delay             3000            ou_del_14_1   

#---------------------------------------------------------------------------------------------------
#       Timing Point        Flags    Arc   Edge   Cell     Fanout Load Trans Delay Arrival Instance 
#                                                                 (fF)  (ps)  (ps)   (ps)  Location 
#---------------------------------------------------------------------------------------------------
  time_minutes_q_reg[1]/CLK -       -      R     (arrival)     12    -   100     0     600    (-,-) 
  time_minutes_q_reg[1]/Q   -       CLK->Q R     DFFR_E         1 31.0    60   323     923    (-,-) 
  drc1667/Z                 -       A->Z   R     BUFFER_M       3 75.7    21    65     988    (-,-) 
  drc1393/Z                 -       A->Z   R     BUFFER_L       1 30.4    14    49    1037    (-,-) 
  time_minutes[1]           -       -      R     (port)         -    -     -     0    1037    (-,-) 
#---------------------------------------------------------------------------------------------------



Path 3: MET (5965 ps) Late External Delay Assertion at pin time_hours[2]
          Group: v_clk
     Startpoint: (R) time_hours_q_reg[2]/CLK
          Clock: (R) clk
       Endpoint: (R) time_hours[2]
          Clock: (R) v_clk

                     Capture       Launch     
        Clock Edge:+   10000            0     
       Src Latency:+       0            0     
       Net Latency:+       0 (I)      600 (I) 
           Arrival:=   10000          600     
                                              
      Output Delay:-    3000                  
     Required Time:=    7000                  
      Launch Clock:-     600                  
         Data Path:-     435                  
             Slack:=    5965                  

Exceptions/Constraints:
  output_delay             3000            ou_del_7_1   

#-------------------------------------------------------------------------------------------------
#      Timing Point       Flags    Arc   Edge   Cell     Fanout Load Trans Delay Arrival Instance 
#                                                               (fF)  (ps)  (ps)   (ps)  Location 
#-------------------------------------------------------------------------------------------------
  time_hours_q_reg[2]/CLK -       -      R     (arrival)     12    -   100     0     600    (-,-) 
  time_hours_q_reg[2]/Q   -       CLK->Q R     DFFR_E         1 31.0    60   323     923    (-,-) 
  drc1672/Z               -       A->Z   R     BUFFER_M       3 66.9    19    63     986    (-,-) 
  drc1395/Z               -       A->Z   R     BUFFER_L       1 30.4    14    48    1035    (-,-) 
  time_hours[2]           -       -      R     (port)         -    -     -     0    1035    (-,-) 
#-------------------------------------------------------------------------------------------------



Path 4: MET (5967 ps) Late External Delay Assertion at pin time_hours[3]
          Group: v_clk
     Startpoint: (R) time_hours_q_reg[3]/CLK
          Clock: (R) clk
       Endpoint: (R) time_hours[3]
          Clock: (R) v_clk

                     Capture       Launch     
        Clock Edge:+   10000            0     
       Src Latency:+       0            0     
       Net Latency:+       0 (I)      600 (I) 
           Arrival:=   10000          600     
                                              
      Output Delay:-    3000                  
     Required Time:=    7000                  
      Launch Clock:-     600                  
         Data Path:-     433                  
             Slack:=    5967                  

Exceptions/Constraints:
  output_delay             3000            ou_del_6_1   

#-------------------------------------------------------------------------------------------------
#      Timing Point       Flags    Arc   Edge   Cell     Fanout Load Trans Delay Arrival Instance 
#                                                               (fF)  (ps)  (ps)   (ps)  Location 
#-------------------------------------------------------------------------------------------------
  time_hours_q_reg[3]/CLK -       -      R     (arrival)     12    -   100     0     600    (-,-) 
  time_hours_q_reg[3]/Q   -       CLK->Q R     DFFR_E         1 31.0    60   323     923    (-,-) 
  drc_bufs1333/Z          -       A->Z   R     BUFFER_M       3 60.8    18    62     985    (-,-) 
  drc1405/Z               -       A->Z   R     BUFFER_L       1 30.4    14    48    1033    (-,-) 
  time_hours[3]           -       -      R     (port)         -    -     -     0    1033    (-,-) 
#-------------------------------------------------------------------------------------------------



Path 5: MET (5973 ps) Late External Delay Assertion at pin time_hours[4]
          Group: v_clk
     Startpoint: (R) time_hours_q_reg[4]/CLK
          Clock: (R) clk
       Endpoint: (R) time_hours[4]
          Clock: (R) v_clk

                     Capture       Launch     
        Clock Edge:+   10000            0     
       Src Latency:+       0            0     
       Net Latency:+       0 (I)      600 (I) 
           Arrival:=   10000          600     
                                              
      Output Delay:-    3000                  
     Required Time:=    7000                  
      Launch Clock:-     600                  
         Data Path:-     427                  
             Slack:=    5973                  

Exceptions/Constraints:
  output_delay             3000            ou_del   

#-------------------------------------------------------------------------------------------------
#      Timing Point       Flags    Arc   Edge   Cell     Fanout Load Trans Delay Arrival Instance 
#                                                               (fF)  (ps)  (ps)   (ps)  Location 
#-------------------------------------------------------------------------------------------------
  time_hours_q_reg[4]/CLK -       -      R     (arrival)     12    -   100     0     600    (-,-) 
  time_hours_q_reg[4]/Q   -       CLK->Q R     SDFFR_E        1 25.3    52   314     914    (-,-) 
  drc1694/Z               -       A->Z   R     BUFFER_L       2 45.3    18    64     979    (-,-) 
  drc1403/Z               -       A->Z   R     BUFFER_L       1 30.4    14    48    1027    (-,-) 
  time_hours[4]           -       -      R     (port)         -    -     -     0    1027    (-,-) 
#-------------------------------------------------------------------------------------------------

