============================================================
  Generated by:           Genus(TM) Synthesis Solution 25.10-p002_1
  Generated on:           Oct 09 2026  11:49:45 pm
  Module:                 code1
  Operating conditions:   slow (balanced_tree)
  Wireload mode:          enclosed
  Area mode:              timing library
============================================================


Path 1: MET (6078 ps) Late External Delay Assertion at pin c[0]
          Group: v_clk
     Startpoint: (R) c_reg[0]/CLK
          Clock: (R) clk
       Endpoint: (R) c[0]
          Clock: (R) v_clk

                     Capture       Launch     
        Clock Edge:+   10000            0     
       Src Latency:+       0            0     
       Net Latency:+       0 (I)      600 (I) 
           Arrival:=   10000          600     
                                              
      Output Delay:-    3000                  
     Required Time:=    7000                  
      Launch Clock:-     600                  
         Data Path:-     322                  
             Slack:=    6078                  

Exceptions/Constraints:
  output_delay             3000            ou_del_5_1   

#----------------------------------------------------------------------------------------
# Timing Point   Flags    Arc   Edge   Cell     Fanout Load Trans Delay Arrival Instance 
#                                                      (fF)  (ps)  (ps)   (ps)  Location 
#----------------------------------------------------------------------------------------
  c_reg[0]/CLK   -       -      R     (arrival)      2    -   100     0     600    (-,-) 
  c_reg[0]/Q     -       CLK->Q R     DFFR_E         1 30.4    60   322     922    (-,-) 
  c[0]           -       -      R     (port)         -    -     -     0     922    (-,-) 
#----------------------------------------------------------------------------------------



Path 2: MET (6078 ps) Late External Delay Assertion at pin c[1]
          Group: v_clk
     Startpoint: (R) c_reg[1]/CLK
          Clock: (R) clk
       Endpoint: (R) c[1]
          Clock: (R) v_clk

                     Capture       Launch     
        Clock Edge:+   10000            0     
       Src Latency:+       0            0     
       Net Latency:+       0 (I)      600 (I) 
           Arrival:=   10000          600     
                                              
      Output Delay:-    3000                  
     Required Time:=    7000                  
      Launch Clock:-     600                  
         Data Path:-     322                  
             Slack:=    6078                  

Exceptions/Constraints:
  output_delay             3000            ou_del   

#----------------------------------------------------------------------------------------
# Timing Point   Flags    Arc   Edge   Cell     Fanout Load Trans Delay Arrival Instance 
#                                                      (fF)  (ps)  (ps)   (ps)  Location 
#----------------------------------------------------------------------------------------
  c_reg[1]/CLK   -       -      R     (arrival)      2    -   100     0     600    (-,-) 
  c_reg[1]/Q     -       CLK->Q R     DFFR_E         1 30.4    60   322     922    (-,-) 
  c[1]           -       -      R     (port)         -    -     -     0     922    (-,-) 
#----------------------------------------------------------------------------------------



Path 3: MET (6323 ps) Setup Check with Pin c_reg[1]/CLK->D
          Group: clk
     Startpoint: (F) b[1]
          Clock: (R) v_clk
       Endpoint: (F) c_reg[1]/D
          Clock: (R) clk

                     Capture       Launch     
        Clock Edge:+   10000            0     
        Drv Adjust:+       0            0     
       Src Latency:+       0            0     
       Net Latency:+     600 (I)        0 (I) 
           Arrival:=   10600            0     
                                              
             Setup:-     234                  
       Uncertainty:-     600                  
     Required Time:=    9766                  
      Launch Clock:-       0                  
       Input Delay:-    3000                  
         Data Path:-     444                  
             Slack:=    6323                  

Exceptions/Constraints:
  input_delay             3000            in_del_3_1   

#---------------------------------------------------------------------------------------
# Timing Point   Flags   Arc   Edge   Cell     Fanout Load Trans Delay Arrival Instance 
#                                                     (fF)  (ps)  (ps)   (ps)  Location 
#---------------------------------------------------------------------------------------
  b[1]           -       -     F     (arrival)      1 15.3   120     0    3000    (-,-) 
  g242/Z         -       A->Z  F     BUFFER_H       1 16.0    22   103    3103    (-,-) 
  g235__4319/Z   -       A->Z  F     XNOR2_C        1 16.1    66   124    3227    (-,-) 
  g233__5107/Z   -       B->Z  F     XOR2_C         1 15.4    77   120    3347    (-,-) 
  g231__2398/Z   -       A->Z  F     AND2_H         1 13.2    20    97    3444    (-,-) 
  c_reg[1]/D     -       -     F     DFFR_E         1    -     -     0    3444    (-,-) 
#---------------------------------------------------------------------------------------



Path 4: MET (6481 ps) Setup Check with Pin c_reg[0]/CLK->D
          Group: clk
     Startpoint: (F) b[0]
          Clock: (R) v_clk
       Endpoint: (F) c_reg[0]/D
          Clock: (R) clk

                     Capture       Launch     
        Clock Edge:+   10000            0     
        Drv Adjust:+       0            0     
       Src Latency:+       0            0     
       Net Latency:+     600 (I)        0 (I) 
           Arrival:=   10600            0     
                                              
             Setup:-     234                  
       Uncertainty:-     600                  
     Required Time:=    9766                  
      Launch Clock:-       0                  
       Input Delay:-    3000                  
         Data Path:-     285                  
             Slack:=    6481                  

Exceptions/Constraints:
  input_delay             3000            in_del_4_1   

#---------------------------------------------------------------------------------------
# Timing Point   Flags   Arc   Edge   Cell     Fanout Load Trans Delay Arrival Instance 
#                                                     (fF)  (ps)  (ps)   (ps)  Location 
#---------------------------------------------------------------------------------------
  b[0]           -       -     F     (arrival)      1 20.3   120     0    3000    (-,-) 
  g241/Z         -       A->Z  F     BUFFER_J       2 34.5    22   104    3104    (-,-) 
  g236__8428/Z   -       B->Z  F     OR2_H          1 14.8    23    95    3199    (-,-) 
  g234__6260/Z   -       A->Z  F     AND3_H         1 13.2    23    86    3285    (-,-) 
  c_reg[0]/D     -       -     F     DFFR_E         1    -     -     0    3285    (-,-) 
#---------------------------------------------------------------------------------------

Some unconstrained paths have not been displayed.
Use -unconstrained or set the root attribute 'timing_report_unconstrained' to 'true' to see only these unconstrained paths.

