============================================================
  Generated by:           Genus(TM) Synthesis Solution 25.10-p002_1
  Generated on:           Oct 09 2026  11:49:45 pm
  Operating conditions:   slow (balanced_tree)
  Wireload mode:          enclosed
  Area mode:              timing library
============================================================

                                                
   Gate     Instances   Area       Library      
------------------------------------------------
AND2_H              1  11.520 IBM_CMOS8HP_SS125 
AND3_H              1  15.360 IBM_CMOS8HP_SS125 
BUFFER_C            1   9.600 IBM_CMOS8HP_SS125 
BUFFER_H            2  23.040 IBM_CMOS8HP_SS125 
BUFFER_J            3  46.080 IBM_CMOS8HP_SS125 
DFFR_E              2  80.640 IBM_CMOS8HP_SS125 
NAND2BAL_E          1  11.520 IBM_CMOS8HP_SS125 
OR2_H               1  11.520 IBM_CMOS8HP_SS125 
XNOR2_C             1  13.440 IBM_CMOS8HP_SS125 
XOR2_C              1  13.440 IBM_CMOS8HP_SS125 
------------------------------------------------
total              14 236.160                   
                                        
     Type      Instances   Area  Area % 
----------------------------------------
sequential             2  80.640   34.1 
buffer                 6  78.720   33.3 
logic                  6  76.800   32.5 
physical_cells         0   0.000    0.0 
----------------------------------------
total                 14 236.160  100.0 
