============================================================
  Generated by:           Genus(TM) Synthesis Solution 25.10-p002_1
  Generated on:           Oct 01 2026  07:19:53 pm
  Operating conditions:   slow (balanced_tree)
  Wireload mode:          enclosed
  Area mode:              timing library
============================================================

                                                 
   Gate     Instances   Area        Library      
-------------------------------------------------
ADDF_F              4  161.280 IBM_CMOS8HP_SS125 
AND2_H              1   11.520 IBM_CMOS8HP_SS125 
AND3_H              1   15.360 IBM_CMOS8HP_SS125 
AO222_D             5  105.600 IBM_CMOS8HP_SS125 
AOI22_B             1   11.520 IBM_CMOS8HP_SS125 
BUFFER_C            1    9.600 IBM_CMOS8HP_SS125 
BUFFER_F            2   23.040 IBM_CMOS8HP_SS125 
BUFFER_H           17  195.840 IBM_CMOS8HP_SS125 
BUFFER_I            2   30.720 IBM_CMOS8HP_SS125 
BUFFER_J            9  138.240 IBM_CMOS8HP_SS125 
BUFFER_M            1   30.720 IBM_CMOS8HP_SS125 
DFFR_E             13  524.160 IBM_CMOS8HP_SS125 
DFFR_H             11  464.640 IBM_CMOS8HP_SS125 
INVERT_D            1    5.760 IBM_CMOS8HP_SS125 
INVERT_H            3   17.280 IBM_CMOS8HP_SS125 
INVERT_I            1    9.600 IBM_CMOS8HP_SS125 
INVERT_K            2   30.720 IBM_CMOS8HP_SS125 
NAND2BAL_E          1   11.520 IBM_CMOS8HP_SS125 
NAND2_D             1    7.680 IBM_CMOS8HP_SS125 
NAND2_F             2   30.720 IBM_CMOS8HP_SS125 
NAND2_K             1   40.320 IBM_CMOS8HP_SS125 
NAND3_F             1   26.880 IBM_CMOS8HP_SS125 
NOR2_D              4   38.400 IBM_CMOS8HP_SS125 
NOR2_F              1   17.280 IBM_CMOS8HP_SS125 
NOR2_J              1   38.400 IBM_CMOS8HP_SS125 
NOR3_F              1   34.560 IBM_CMOS8HP_SS125 
OAI21_B             2   19.200 IBM_CMOS8HP_SS125 
OR2_H               1   11.520 IBM_CMOS8HP_SS125 
XNOR2_C             2   26.880 IBM_CMOS8HP_SS125 
XOR2_C              1   13.440 IBM_CMOS8HP_SS125 
-------------------------------------------------
total              94 2102.400                   
                                         
     Type      Instances   Area   Area % 
-----------------------------------------
sequential            24  988.800   47.0 
inverter               7   63.360    3.0 
buffer                32  428.160   20.4 
logic                 31  622.080   29.6 
physical_cells         0    0.000    0.0 
-----------------------------------------
total                 94 2102.400  100.0 
