============================================================
  Generated by:           Genus(TM) Synthesis Solution 25.10-p002_1
  Generated on:           Oct 01 2026  07:19:53 pm
  Module:                 program_counter
  Operating conditions:   slow (balanced_tree)
  Wireload mode:          enclosed
  Area mode:              timing library
============================================================

Max_transition design rule (violation total = 127)
Pin                                Slew           Max     Violation
---------------------------------------------------------------------
g1900/A                              70          1500             0
  --> Other violations on net               17
g1880__6417/B                        70          1500             0
  --> Other violations on net               17
update_lsbs_q_reg/QBAR               70            53            17
g1928/A                              53          1500             0
  --> Other violations on net               13
mem_addr_reg[3]/Q                    53            41            13
g1943/A                              53          1500             0
  --> Other violations on net               13
mem_addr_reg[4]/Q                    53            41            13
g1925/A                              53          1500             0
  --> Other violations on net               13
mem_addr_reg[5]/Q                    53            41            13
g1927/A                              53          1500             0
  --> Other violations on net               13
mem_addr_reg[2]/Q                    53            41            13
g1923/A                              53          1500             0
  --> Other violations on net               13
mem_addr_reg[0]/Q                    53            41            13
g1929/A                              53          1500             0
  --> Other violations on net               13
mem_addr_reg[6]/Q                    53            41            13
g1942/A                              52          1500             0
  --> Other violations on net               11
mem_addr_reg[7]/Q                    52            41            11
g1924/A                              50          1500             0
  --> Other violations on net               10
mem_addr_reg[1]/Q                    50            41            10
g1907/A                              59          1500             0
  --> Other violations on net               6
g1890__6260/A                        59          1500             0
  --> Other violations on net               6
update_msbs_q_reg/QBAR               59            53             6
g1914/A                              44          1500             0
  --> Other violations on net               3
jump_q_reg/Q                         44            41             3
mem_addr_reg[7]/D                    53          1500             0
  --> Other violations on net               1
g1851__2398/Z                        53            52             1
mem_addr_reg[6]/D                    53          1500             0
  --> Other violations on net               1
g1853__5107/Z                        53            52             1
mem_addr_reg[5]/D                    53          1500             0
  --> Other violations on net               1
g1857__8428/Z                        53            52             1
mem_addr_reg[4]/D                    53          1500             0
  --> Other violations on net               1
g1860__6783/Z                        53            52             1
mem_addr_reg[3]/D                    53          1500             0
  --> Other violations on net               1
g1864__1617/Z                        53            52             1


Max_capacitance design rule (violation total = 241.0)
Pin                           Load (ff)           Max     Violation
---------------------------------------------------------------------
g1900/A                            63.2         200.0           0.0
  --> Other violations on net               33.3
g1880__6417/B                      63.2         200.0           0.0
  --> Other violations on net               33.3
update_lsbs_q_reg/QBAR             63.2          29.9          33.3
g1927/A                            50.6         200.0           0.0
  --> Other violations on net               20.7
mem_addr_reg[2]/Q                  50.6          29.9          20.7
g1928/A                            50.6         200.0           0.0
  --> Other violations on net               20.7
mem_addr_reg[3]/Q                  50.6          29.9          20.7
g1943/A                            50.6         200.0           0.0
  --> Other violations on net               20.7
mem_addr_reg[4]/Q                  50.6          29.9          20.7
g1925/A                            50.6         200.0           0.0
  --> Other violations on net               20.7
mem_addr_reg[5]/Q                  50.6          29.9          20.7
g1929/A                            50.6         200.0           0.0
  --> Other violations on net               20.7
mem_addr_reg[6]/Q                  50.6          29.9          20.7
g1923/A                            50.6         200.0           0.0
  --> Other violations on net               20.7
mem_addr_reg[0]/Q                  50.6          29.9          20.7
g1942/A                            48.4         200.0           0.0
  --> Other violations on net               18.5
mem_addr_reg[7]/Q                  48.4          29.9          18.5
g1924/A                            45.6         200.0           0.0
  --> Other violations on net               15.7
mem_addr_reg[1]/Q                  45.6          29.9          15.7
g1907/A                            43.7         200.0           0.0
  --> Other violations on net               13.8
g1890__6260/A                      43.7         200.0           0.0
  --> Other violations on net               13.8
update_msbs_q_reg/QBAR             43.7          29.9          13.8
g1914/A                            35.7         200.0           0.0
  --> Other violations on net               5.8
jump_q_reg/Q                       35.7          29.9           5.8
g1889__9945/A                      43.6         200.0           0.0
  --> Other violations on net               4.0
g1903/A                            43.6         200.0           0.0
  --> Other violations on net               4.0
g1904/Z                            43.6          39.6           4.0
mem_addr_reg[7]/D                  13.2         200.0           0.0
  --> Other violations on net               3.1
g1851__2398/Z                      13.2          10.2           3.0
  --> Other violations on net               0.1
mem_addr_reg[3]/D                  13.2         200.0           0.0
  --> Other violations on net               3.1
g1864__1617/Z                      13.2          10.2           3.0
  --> Other violations on net               0.1
mem_addr_reg[4]/D                  13.2         200.0           0.0
  --> Other violations on net               3.1
g1860__6783/Z                      13.2          10.2           3.0
  --> Other violations on net               0.1
mem_addr_reg[6]/D                  13.2         200.0           0.0
  --> Other violations on net               3.1
g1853__5107/Z                      13.2          10.2           3.0
  --> Other violations on net               0.1
mem_addr_reg[5]/D                  13.2         200.0           0.0
  --> Other violations on net               3.1
g1857__8428/Z                      13.2          10.2           3.0
  --> Other violations on net               0.1
g1877__1881/A                      16.3         200.0           0.0
  --> Other violations on net               2.4
g1883__4733/Z                      16.3          13.9           2.4
g1879__1666/A                      41.7         200.0           0.0
  --> Other violations on net               2.1
g1926/A                            41.7         200.0           0.0
  --> Other violations on net               2.1
g1927/Z                            41.7          39.6           2.1
g1870__5122/A                      30.5         200.0           0.0
  --> Other violations on net               1.6
g1876__9315/B                      30.5         200.0           0.0
  --> Other violations on net               1.6
g1885__5107/Z                      30.5          28.9           1.6
g1865__2802/A1                     14.0         200.0           0.0
  --> Other violations on net               1.3
g1874__6161/Z                      14.0          12.7           1.3
g1868__1705/B1                     81.5         200.0           0.0
  --> Other violations on net               1.0
g1864__1617/C1                     81.5         200.0           0.0
  --> Other violations on net               1.0
g1860__6783/C1                     81.5         200.0           0.0
  --> Other violations on net               1.0
g1857__8428/C1                     81.5         200.0           0.0
  --> Other violations on net               1.0
g1851__2398/C1                     81.5         200.0           0.0
  --> Other violations on net               1.0
g1853__5107/C1                     81.5         200.0           0.0
  --> Other violations on net               1.0
g1881__5115/Z                      81.5          80.5           1.0
g1870__5122/B                      14.7         200.0           0.0
  --> Other violations on net               0.8
g1882__2346/Z                      14.7          13.9           0.8
mem_addr_reg[2]/D                  13.2         200.0           0.0
  --> Other violations on net               0.6
g1865__2802/Z                      13.2          12.7           0.5
  --> Other violations on net               0.1
g1872__6131/B                      49.4         200.0           0.0
  --> Other violations on net               0.4
g1886__2398/Z                      49.4          49.0           0.4


Max_fanout design rule: no violations.



