============================================================
  Generated by:           Genus(TM) Synthesis Solution 25.10-p002_1
  Generated on:           Oct 01 2026  07:19:53 pm
  Module:                 program_counter
  Operating conditions:   slow (balanced_tree)
  Wireload mode:          enclosed
  Area mode:              timing library
============================================================


Path 1: MET (7796 ps) Setup Check with Pin mem_addr_reg[7]/CLK->D
          Group: clk
     Startpoint: (R) mem_addr_reg[2]/CLK
          Clock: (R) clk
       Endpoint: (F) mem_addr_reg[7]/D
          Clock: (R) clk

                     Capture       Launch     
        Clock Edge:+   10000            0     
       Src Latency:+       0            0     
       Net Latency:+     600 (I)      600 (I) 
           Arrival:=   10600          600     
                                              
             Setup:-     238                  
       Uncertainty:-     600                  
     Required Time:=    9762                  
      Launch Clock:-     600                  
         Data Path:-    1365                  
             Slack:=    7796                  

#------------------------------------------------------------------------------------------------
#    Timing Point     Flags     Arc     Edge   Cell     Fanout Load Trans Delay Arrival Instance 
#                                                              (fF)  (ps)  (ps)   (ps)  Location 
#------------------------------------------------------------------------------------------------
  mem_addr_reg[2]/CLK -       -         R     (arrival)     24    -   100     0     600    (-,-) 
  mem_addr_reg[2]/Q   -       CLK->Q    R     DFFR_H         2 50.6    53   358     958    (-,-) 
  g1927/Z             -       A->Z      R     BUFFER_J       2 41.7    22    68    1026    (-,-) 
  g1879__1666/Z       -       A->Z      F     NAND2_F        2 34.2    29    44    1069    (-,-) 
  g1878/Z             -       A->Z      R     INVERT_H       1 20.9    23    41    1110    (-,-) 
  g1866__7098/COUT    -       CIN->COUT R     ADDF_F         1 20.9    44   158    1268    (-,-) 
  g1861__3680/COUT    -       CIN->COUT R     ADDF_F         1 20.9    44   165    1433    (-,-) 
  g1859__5526/COUT    -       CIN->COUT R     ADDF_F         1 20.9    44   165    1598    (-,-) 
  g1855__4319/COUT    -       CIN->COUT R     ADDF_F         1 16.0    39   157    1755    (-,-) 
  g1854__6260/Z       -       A->Z      F     XNOR2_C        1 12.7    56    74    1829    (-,-) 
  g1851__2398/Z       -       A1->Z     F     AO222_D        1 13.3    39   136    1965    (-,-) 
  mem_addr_reg[7]/D   -       -         F     DFFR_H         1    -     -     0    1965    (-,-) 
#------------------------------------------------------------------------------------------------



Path 2: MET (7802 ps) Setup Check with Pin mem_addr_reg[6]/CLK->D
          Group: clk
     Startpoint: (R) mem_addr_reg[2]/CLK
          Clock: (R) clk
       Endpoint: (F) mem_addr_reg[6]/D
          Clock: (R) clk

                     Capture       Launch     
        Clock Edge:+   10000            0     
       Src Latency:+       0            0     
       Net Latency:+     600 (I)      600 (I) 
           Arrival:=   10600          600     
                                              
             Setup:-     238                  
       Uncertainty:-     600                  
     Required Time:=    9762                  
      Launch Clock:-     600                  
         Data Path:-    1360                  
             Slack:=    7802                  

#------------------------------------------------------------------------------------------------
#    Timing Point     Flags     Arc     Edge   Cell     Fanout Load Trans Delay Arrival Instance 
#                                                              (fF)  (ps)  (ps)   (ps)  Location 
#------------------------------------------------------------------------------------------------
  mem_addr_reg[2]/CLK -       -         R     (arrival)     24    -   100     0     600    (-,-) 
  mem_addr_reg[2]/Q   -       CLK->Q    R     DFFR_H         2 50.6    53   358     958    (-,-) 
  g1927/Z             -       A->Z      R     BUFFER_J       2 41.7    22    68    1026    (-,-) 
  g1879__1666/Z       -       A->Z      F     NAND2_F        2 34.2    29    44    1069    (-,-) 
  g1878/Z             -       A->Z      R     INVERT_H       1 20.9    23    41    1110    (-,-) 
  g1866__7098/COUT    -       CIN->COUT R     ADDF_F         1 20.9    44   158    1268    (-,-) 
  g1861__3680/COUT    -       CIN->COUT R     ADDF_F         1 20.9    44   165    1433    (-,-) 
  g1859__5526/COUT    -       CIN->COUT R     ADDF_F         1 20.9    44   165    1598    (-,-) 
  g1855__4319/SUM     -       CIN->SUM  F     ADDF_F         1 12.7    35   236    1834    (-,-) 
  g1853__5107/Z       -       A1->Z     F     AO222_D        1 13.3    39   126    1960    (-,-) 
  mem_addr_reg[6]/D   -       -         F     DFFR_H         1    -     -     0    1960    (-,-) 
#------------------------------------------------------------------------------------------------



Path 3: MET (7967 ps) Setup Check with Pin mem_addr_reg[5]/CLK->D
          Group: clk
     Startpoint: (R) mem_addr_reg[2]/CLK
          Clock: (R) clk
       Endpoint: (F) mem_addr_reg[5]/D
          Clock: (R) clk

                     Capture       Launch     
        Clock Edge:+   10000            0     
       Src Latency:+       0            0     
       Net Latency:+     600 (I)      600 (I) 
           Arrival:=   10600          600     
                                              
             Setup:-     238                  
       Uncertainty:-     600                  
     Required Time:=    9762                  
      Launch Clock:-     600                  
         Data Path:-    1195                  
             Slack:=    7967                  

#------------------------------------------------------------------------------------------------
#    Timing Point     Flags     Arc     Edge   Cell     Fanout Load Trans Delay Arrival Instance 
#                                                              (fF)  (ps)  (ps)   (ps)  Location 
#------------------------------------------------------------------------------------------------
  mem_addr_reg[2]/CLK -       -         R     (arrival)     24    -   100     0     600    (-,-) 
  mem_addr_reg[2]/Q   -       CLK->Q    R     DFFR_H         2 50.6    53   358     958    (-,-) 
  g1927/Z             -       A->Z      R     BUFFER_J       2 41.7    22    68    1026    (-,-) 
  g1879__1666/Z       -       A->Z      F     NAND2_F        2 34.2    29    44    1069    (-,-) 
  g1878/Z             -       A->Z      R     INVERT_H       1 20.9    23    41    1110    (-,-) 
  g1866__7098/COUT    -       CIN->COUT R     ADDF_F         1 20.9    44   158    1268    (-,-) 
  g1861__3680/COUT    -       CIN->COUT R     ADDF_F         1 20.9    44   165    1433    (-,-) 
  g1859__5526/SUM     -       CIN->SUM  F     ADDF_F         1 12.7    35   236    1669    (-,-) 
  g1857__8428/Z       -       A1->Z     F     AO222_D        1 13.3    39   126    1795    (-,-) 
  mem_addr_reg[5]/D   -       -         F     DFFR_H         1    -     -     0    1795    (-,-) 
#------------------------------------------------------------------------------------------------



Path 4: MET (8132 ps) Setup Check with Pin mem_addr_reg[4]/CLK->D
          Group: clk
     Startpoint: (R) mem_addr_reg[2]/CLK
          Clock: (R) clk
       Endpoint: (F) mem_addr_reg[4]/D
          Clock: (R) clk

                     Capture       Launch     
        Clock Edge:+   10000            0     
       Src Latency:+       0            0     
       Net Latency:+     600 (I)      600 (I) 
           Arrival:=   10600          600     
                                              
             Setup:-     238                  
       Uncertainty:-     600                  
     Required Time:=    9762                  
      Launch Clock:-     600                  
         Data Path:-    1030                  
             Slack:=    8132                  

#------------------------------------------------------------------------------------------------
#    Timing Point     Flags     Arc     Edge   Cell     Fanout Load Trans Delay Arrival Instance 
#                                                              (fF)  (ps)  (ps)   (ps)  Location 
#------------------------------------------------------------------------------------------------
  mem_addr_reg[2]/CLK -       -         R     (arrival)     24    -   100     0     600    (-,-) 
  mem_addr_reg[2]/Q   -       CLK->Q    R     DFFR_H         2 50.6    53   358     958    (-,-) 
  g1927/Z             -       A->Z      R     BUFFER_J       2 41.7    22    68    1026    (-,-) 
  g1879__1666/Z       -       A->Z      F     NAND2_F        2 34.2    29    44    1069    (-,-) 
  g1878/Z             -       A->Z      R     INVERT_H       1 20.9    23    41    1110    (-,-) 
  g1866__7098/COUT    -       CIN->COUT R     ADDF_F         1 20.9    44   158    1268    (-,-) 
  g1861__3680/SUM     -       CIN->SUM  F     ADDF_F         1 12.7    35   236    1504    (-,-) 
  g1860__6783/Z       -       A1->Z     F     AO222_D        1 13.3    39   126    1630    (-,-) 
  mem_addr_reg[4]/D   -       -         F     DFFR_H         1    -     -     0    1630    (-,-) 
#------------------------------------------------------------------------------------------------



Path 5: MET (8213 ps) Setup Check with Pin mem_addr_reg[2]/CLK->D
          Group: clk
     Startpoint: (R) update_msbs_q_reg/CLK
          Clock: (R) clk
       Endpoint: (F) mem_addr_reg[2]/D
          Clock: (R) clk

                     Capture       Launch     
        Clock Edge:+   10000            0     
       Src Latency:+       0            0     
       Net Latency:+     600 (I)      600 (I) 
           Arrival:=   10600          600     
                                              
             Setup:-     245                  
       Uncertainty:-     600                  
     Required Time:=    9755                  
      Launch Clock:-     600                  
         Data Path:-     941                  
             Slack:=    8213                  

#---------------------------------------------------------------------------------------------------
#     Timing Point       Flags     Arc     Edge   Cell     Fanout Load Trans Delay Arrival Instance 
#                                                                 (fF)  (ps)  (ps)   (ps)  Location 
#---------------------------------------------------------------------------------------------------
  update_msbs_q_reg/CLK  -       -         R     (arrival)     24    -   100     0     600    (-,-) 
  update_msbs_q_reg/QBAR -       CLK->QBAR F     DFFR_H         2 43.7    59   244     844    (-,-) 
  g1907/Z                -       A->Z      R     INVERT_H       2 37.8    40    71     915    (-,-) 
  g1906/Z                -       A->Z      R     BUFFER_J       2 37.8    21    63     977    (-,-) 
  g1905/Z                -       A->Z      R     BUFFER_J       2 37.8    20    55    1033    (-,-) 
  g1904/Z                -       A->Z      R     BUFFER_J       2 43.6    22    58    1090    (-,-) 
  g1903/Z                -       A->Z      F     INVERT_I       2 45.6    22    38    1129    (-,-) 
  g1902/Z                -       A->Z      F     BUFFER_M       2 72.4    19    65    1194    (-,-) 
  g1901/Z                -       A->Z      R     INVERT_H       1 32.7    31    46    1240    (-,-) 
  g1881__5115/Z          -       C->Z      F     NOR3_F         6 81.5    69   103    1343    (-,-) 
  g1868__1705/Z          -       B1->Z     R     AOI22_B        1 14.2    86   136    1479    (-,-) 
  g1865__2802/Z          -       B->Z      F     OAI21_B        1 13.3    67    62    1541    (-,-) 
  mem_addr_reg[2]/D      -       -         F     DFFR_H         1    -     -     0    1541    (-,-) 
#---------------------------------------------------------------------------------------------------

