xmverilog(64): 17.10-s001: (c) Copyright 1995-2017 Cadence Design Systems, Inc.
TOOL:	xmverilog	17.10-s001: Started on Sep 25, 2026 at 23:39:48 EDT
xmverilog
	../testbench/elevator_controller_tb.v
	+gui
	+access+r
	-timescale
	1ns/1ps

-------------------------------------
Relinquished control to SimVision...
xcelium> 
xcelium> source /apps/vlsi_2018/cadence/XCELIUM1710/tools/xcelium/files/xmsimrc
xcelium> run
Testcase               F1->F2 : Time =                    0
  PASS  :              floor_1: Expected = 01, Actual = 01, Time =                66000
  PASS  :   elevator_door_open: Expected = 01, Actual = 01, Time =                66000
  PASS  :     floor_1_up_clear: Expected = 01, Actual = 01, Time =                66000
  PASS  :              floor_1: Expected = 01, Actual = 01, Time =                76000
  PASS  :   elevator_door_open: Expected = 00, Actual = 00, Time =                76000
  PASS  :              floor_2: Expected = 01, Actual = 01, Time =                96000
  PASS  :   elevator_door_open: Expected = 00, Actual = 00, Time =                96000
  PASS  :              floor_2: Expected = 01, Actual = 01, Time =               106000
  PASS  :   elevator_door_open: Expected = 01, Actual = 01, Time =               106000
  PASS  :        floor_2_clear: Expected = 01, Actual = 01, Time =               106000
Testcase               F1->F3 : Time =               126000
  PASS  :              floor_1: Expected = 01, Actual = 01, Time =               196000
  PASS  :   elevator_door_open: Expected = 01, Actual = 01, Time =               196000
  PASS  :     floor_1_up_clear: Expected = 01, Actual = 01, Time =               196000
  PASS  :              floor_1: Expected = 01, Actual = 01, Time =               206000
  PASS  :   elevator_door_open: Expected = 00, Actual = 00, Time =               206000
  PASS  :              floor_2: Expected = 01, Actual = 01, Time =               226000
  PASS  :   elevator_door_open: Expected = 00, Actual = 00, Time =               226000
  PASS  :              floor_3: Expected = 01, Actual = 01, Time =               236000
  PASS  :   elevator_door_open: Expected = 00, Actual = 00, Time =               236000
  PASS  :              floor_3: Expected = 01, Actual = 01, Time =               246000
  PASS  :   elevator_door_open: Expected = 01, Actual = 01, Time =               246000
  PASS  :        floor_3_clear: Expected = 01, Actual = 01, Time =               246000
Testcase               F2->F3 : Time =               266000
  PASS  :              floor_2: Expected = 01, Actual = 01, Time =               336000
  PASS  :   elevator_door_open: Expected = 00, Actual = 00, Time =               336000
  PASS  :              floor_2: Expected = 01, Actual = 01, Time =               346000
  PASS  :   elevator_door_open: Expected = 01, Actual = 01, Time =               346000
  PASS  :     floor_2_up_clear: Expected = 01, Actual = 01, Time =               346000
  PASS  :              floor_2: Expected = 01, Actual = 01, Time =               356000
  PASS  :   elevator_door_open: Expected = 00, Actual = 00, Time =               356000
  PASS  :              floor_3: Expected = 01, Actual = 01, Time =               376000
  PASS  :   elevator_door_open: Expected = 00, Actual = 00, Time =               376000
  PASS  :              floor_3: Expected = 01, Actual = 01, Time =               386000
  PASS  :   elevator_door_open: Expected = 01, Actual = 01, Time =               386000
  PASS  :        floor_3_clear: Expected = 01, Actual = 01, Time =               386000
Testcase               F2->F1 : Time =               406000
  PASS  :              floor_2: Expected = 01, Actual = 01, Time =               476000
  PASS  :   elevator_door_open: Expected = 00, Actual = 00, Time =               476000
  PASS  :              floor_2: Expected = 01, Actual = 01, Time =               486000
  PASS  :   elevator_door_open: Expected = 00, Actual = 00, Time =               486000
  PASS  :              floor_2: Expected = 01, Actual = 01, Time =               496000
  PASS  :   elevator_door_open: Expected = 01, Actual = 01, Time =               496000
  PASS  :   floor_2_down_clear: Expected = 01, Actual = 01, Time =               496000
  PASS  :              floor_2: Expected = 01, Actual = 01, Time =               506000
  PASS  :   elevator_door_open: Expected = 00, Actual = 00, Time =               506000
  PASS  :              floor_1: Expected = 01, Actual = 01, Time =               526000
  PASS  :   elevator_door_open: Expected = 00, Actual = 00, Time =               526000
  PASS  :              floor_1: Expected = 01, Actual = 01, Time =               536000
  PASS  :   elevator_door_open: Expected = 01, Actual = 01, Time =               536000
  PASS  :        floor_1_clear: Expected = 01, Actual = 01, Time =               536000
Testcase               F3->F2 : Time =               556000
  PASS  :              floor_2: Expected = 01, Actual = 01, Time =               626000
  PASS  :   elevator_door_open: Expected = 00, Actual = 00, Time =               626000
  PASS  :              floor_3: Expected = 01, Actual = 01, Time =               636000
  PASS  :   elevator_door_open: Expected = 00, Actual = 00, Time =               636000
  PASS  :              floor_3: Expected = 01, Actual = 01, Time =               646000
  PASS  :   elevator_door_open: Expected = 01, Actual = 01, Time =               646000
  PASS  :   floor_3_down_clear: Expected = 01, Actual = 01, Time =               646000
  PASS  :              floor_3: Expected = 01, Actual = 01, Time =               656000
  PASS  :   elevator_door_open: Expected = 00, Actual = 00, Time =               656000
  PASS  :              floor_2: Expected = 01, Actual = 01, Time =               676000
  PASS  :   elevator_door_open: Expected = 00, Actual = 00, Time =               676000
  PASS  :              floor_2: Expected = 01, Actual = 01, Time =               686000
  PASS  :   elevator_door_open: Expected = 01, Actual = 01, Time =               686000
  PASS  :        floor_2_clear: Expected = 01, Actual = 01, Time =               686000
Testcase               F3->F1 : Time =               706000
  PASS  :              floor_2: Expected = 01, Actual = 01, Time =               776000
  PASS  :   elevator_door_open: Expected = 00, Actual = 00, Time =               776000
  PASS  :              floor_3: Expected = 01, Actual = 01, Time =               786000
  PASS  :   elevator_door_open: Expected = 00, Actual = 00, Time =               786000
  PASS  :              floor_3: Expected = 01, Actual = 01, Time =               796000
  PASS  :   elevator_door_open: Expected = 01, Actual = 01, Time =               796000
  PASS  :   floor_3_down_clear: Expected = 01, Actual = 01, Time =               796000
  PASS  :              floor_3: Expected = 01, Actual = 01, Time =               806000
  PASS  :   elevator_door_open: Expected = 00, Actual = 00, Time =               806000
  PASS  :              floor_2: Expected = 01, Actual = 01, Time =               826000
  PASS  :   elevator_door_open: Expected = 00, Actual = 00, Time =               826000
  PASS  :              floor_1: Expected = 01, Actual = 01, Time =               836000
  PASS  :   elevator_door_open: Expected = 00, Actual = 00, Time =               836000
  PASS  :              floor_1: Expected = 01, Actual = 01, Time =               846000
  PASS  :   elevator_door_open: Expected = 01, Actual = 01, Time =               846000
  PASS  :        floor_1_clear: Expected = 01, Actual = 01, Time =               846000
Testcase     F1->F3_pickup_F2 : Time =               866000
  PASS  :              floor_1: Expected = 01, Actual = 01, Time =               936000
  PASS  :   elevator_door_open: Expected = 01, Actual = 01, Time =               936000
  PASS  :     floor_1_up_clear: Expected = 01, Actual = 01, Time =               936000
  PASS  :              floor_1: Expected = 01, Actual = 01, Time =               946000
  PASS  :   elevator_door_open: Expected = 00, Actual = 00, Time =               946000
  PASS  :              floor_2: Expected = 01, Actual = 01, Time =               966000
  PASS  :   elevator_door_open: Expected = 00, Actual = 00, Time =               966000
  PASS  :              floor_2: Expected = 01, Actual = 01, Time =               976000
  PASS  :   elevator_door_open: Expected = 01, Actual = 01, Time =               976000
  PASS  :     floor_2_up_clear: Expected = 01, Actual = 01, Time =               976000
  PASS  :              floor_2: Expected = 01, Actual = 01, Time =               986000
  PASS  :   elevator_door_open: Expected = 00, Actual = 00, Time =               986000
  PASS  :              floor_3: Expected = 01, Actual = 01, Time =               996000
  PASS  :   elevator_door_open: Expected = 00, Actual = 00, Time =               996000
  PASS  :              floor_3: Expected = 01, Actual = 01, Time =              1006000
  PASS  :   elevator_door_open: Expected = 01, Actual = 01, Time =              1006000
  PASS  :        floor_3_clear: Expected = 01, Actual = 01, Time =              1006000
Testcase           F3->F2->F1 : Time =              1026000
  PASS  :              floor_2: Expected = 01, Actual = 01, Time =              1096000
  PASS  :   elevator_door_open: Expected = 00, Actual = 00, Time =              1096000
  PASS  :              floor_3: Expected = 01, Actual = 01, Time =              1106000
  PASS  :   elevator_door_open: Expected = 00, Actual = 00, Time =              1106000
  PASS  :              floor_3: Expected = 01, Actual = 01, Time =              1116000
  PASS  :   elevator_door_open: Expected = 01, Actual = 01, Time =              1116000
  PASS  :   floor_3_down_clear: Expected = 01, Actual = 01, Time =              1116000
  PASS  :              floor_3: Expected = 01, Actual = 01, Time =              1126000
  PASS  :   elevator_door_open: Expected = 00, Actual = 00, Time =              1126000
  PASS  :              floor_2: Expected = 01, Actual = 01, Time =              1146000
  PASS  :   elevator_door_open: Expected = 00, Actual = 00, Time =              1146000
  PASS  :              floor_2: Expected = 01, Actual = 01, Time =              1156000
  PASS  :   elevator_door_open: Expected = 01, Actual = 01, Time =              1156000
  PASS  :   floor_2_down_clear: Expected = 01, Actual = 01, Time =              1156000
  PASS  :              floor_2: Expected = 01, Actual = 01, Time =              1166000
  PASS  :   elevator_door_open: Expected = 00, Actual = 00, Time =              1166000
  PASS  :              floor_1: Expected = 01, Actual = 01, Time =              1176000
  PASS  :   elevator_door_open: Expected = 00, Actual = 00, Time =              1176000
  PASS  :              floor_1: Expected = 01, Actual = 01, Time =              1186000
  PASS  :   elevator_door_open: Expected = 01, Actual = 01, Time =              1186000
  PASS  :        floor_1_clear: Expected = 01, Actual = 01, Time =              1186000
Testcase  No_passengers_stuck : Time =              1206000
  PASS  :              floor_1: Expected = 01, Actual = 01, Time =              1276000
  PASS  :   elevator_door_open: Expected = 01, Actual = 01, Time =              1276000
  PASS  :              floor_1: Expected = 01, Actual = 01, Time =              1286000
  PASS  :   elevator_door_open: Expected = 00, Actual = 00, Time =              1286000
  PASS  :              floor_2: Expected = 01, Actual = 01, Time =              1306000
  PASS  :   elevator_door_open: Expected = 00, Actual = 00, Time =              1306000
  PASS  :              floor_2: Expected = 01, Actual = 01, Time =              1316000
  PASS  :   elevator_door_open: Expected = 01, Actual = 01, Time =              1316000
  PASS  :              floor_3: Expected = 01, Actual = 01, Time =              1336000
  PASS  :   elevator_door_open: Expected = 00, Actual = 00, Time =              1336000
  PASS  :              floor_3: Expected = 01, Actual = 01, Time =              1346000
  PASS  :   elevator_door_open: Expected = 01, Actual = 01, Time =              1346000
  PASS  :        floor_3_clear: Expected = 01, Actual = 01, Time =              1346000
  PASS  :              floor_3: Expected = 01, Actual = 01, Time =              1356000
  PASS  :   elevator_door_open: Expected = 00, Actual = 00, Time =              1356000
  PASS  :              floor_2: Expected = 01, Actual = 01, Time =              1366000
  PASS  :   elevator_door_open: Expected = 00, Actual = 00, Time =              1366000
  PASS  :              floor_1: Expected = 01, Actual = 01, Time =              1376000
  PASS  :   elevator_door_open: Expected = 00, Actual = 00, Time =              1376000
  PASS  :              floor_1: Expected = 01, Actual = 01, Time =              1386000
  PASS  :   elevator_door_open: Expected = 01, Actual = 01, Time =              1386000
  PASS  :        floor_1_clear: Expected = 01, Actual = 01, Time =              1386000


----------SIMULATION PASSED----------
----------RTL SIMULATION   ----------


Simulation complete via $finish(1) at time 1406 NS + 0
../testbench/elevator_controller_tb.v:296 		$finish;
xcelium> ^C
xcelium> exit
TOOL:	xmverilog	17.10-s001: Exiting on Sep 25, 2026 at 23:56:25 EDT  (total: 00:16:37)
